// Jest Snapshot v1, https://goo.gl/fbAQLP

exports[`Content container should renders correctly with props 1`] = `
<Content
  dispatch={[Function]}
  language="RU"
  store={
    Object {
      "clearActions": [Function],
      "dispatch": [Function],
      "getActions": [Function],
      "getState": [Function],
      "replaceReducer": [Function],
      "subscribe": [Function],
    }
  }
/>
`;
