// Jest Snapshot v1, https://goo.gl/fbAQLP

exports[`Sidebar container should renders correctly with props 1`] = `
<Sidebar
  actions={
    Object {
      "toggleStatus": [Function],
    }
  }
  state={
    Object {
      "language": "RU",
      "sidebarStatus": false,
    }
  }
  store={
    Object {
      "clearActions": [Function],
      "dispatch": [Function],
      "getActions": [Function],
      "getState": [Function],
      "replaceReducer": [Function],
      "subscribe": [Function],
    }
  }
/>
`;
