// Jest Snapshot v1, https://goo.gl/fbAQLP

exports[`Content component renders correctly 1`] = `
<main
  className="main"
>
  <Routes
    language="RU"
  />
</main>
`;
