// Jest Snapshot v1, https://goo.gl/fbAQLP

exports[`App component renders correctly 1`] = `
<div
  className="app"
>
  <Preloader
    loading={true}
  />
  <Connect(Sidebar) />
  <Connect(Content) />
</div>
`;
